// Jest Snapshot v1, https://goo.gl/fbAQLP

exports[`macros should keep Constants: should keep Constants 1`] = `

import { view } from '@c11/engine.macro'
const a = view((
  foo = Get.foo
) => {  })
const b = view((
  foo = Get.foo
) => {  })

      ↓ ↓ ↓ ↓ ↓ ↓

import { view } from "@c11/engine-view";
const a = view({
  args: {
    type: "STRUCT",
    value: {
      foo: {
        type: "GET",
        path: [
          {
            type: "CONST",
            value: "foo"
          }
        ]
      }
    },
    meta: {
      order: ["foo"]
    }
  },
  fn: foo => {}
});
const b = view({
  args: {
    type: "STRUCT",
    value: {
      foo: {
        type: "GET",
        path: [
          {
            type: "CONST",
            value: "foo"
          }
        ]
      }
    },
    meta: {
      order: ["foo"]
    }
  },
  fn: foo => {}
});


`;
