// Jest Snapshot v1, https://goo.gl/fbAQLP

exports[`macros should support Prop: should support Prop 1`] = `

import { producer } from '@c11/engine.macro'
const result = producer((
  foo = Prop.foo,
  bar = Prop.foo[Prop.baz],
  baz = Prop.foo[Arg.bar][Prop.baz]
) => { })

      ↓ ↓ ↓ ↓ ↓ ↓

const result = {
  args: {
    type: "STRUCT",
    value: {
      foo: {
        type: "VALUE",
        value: {
          type: "EXTERNAL",
          path: ["foo"]
        }
      },
      bar: {
        type: "VALUE",
        value: {
          type: "EXTERNAL",
          path: ["foo", "@baz"]
        }
      },
      baz: {
        type: "VALUE",
        value: {
          type: "EXTERNAL",
          path: ["foo", "$bar", "@baz"]
        }
      }
    },
    meta: {
      order: ["foo", "bar", "baz"]
    }
  },
  fn: (foo, bar, baz) => {}
};


`;
