// Jest Snapshot v1, https://goo.gl/fbAQLP

exports[`macros should support Get: should support Get 1`] = `

import { producer } from '@c11/engine.macro'
const result = producer((
  a1 = Remove.foo
) => { })

      ↓ ↓ ↓ ↓ ↓ ↓

const result = {
  args: {
    type: "STRUCT",
    value: {
      a1: {
        type: "REMOVE",
        path: [
          {
            type: "CONST",
            value: "foo"
          }
        ]
      }
    },
    meta: {
      order: ["a1"]
    }
  },
  fn: a1 => {}
};


`;
