// Jest Snapshot v1, https://goo.gl/fbAQLP

exports[`macros should support Path: should support Path 1`] = `

import { Path } from '@c11/engine.macro';
Path.foo.bar

      ↓ ↓ ↓ ↓ ↓ ↓

Path.foo.bar;


`;
